// Jest Snapshot v1, https://goo.gl/fbAQLP

exports[`cors middleware uses the cors middleware with the correct options 1`] = `"{\\"origin\\":true,\\"credentials\\":true}"`;
