// Jest Snapshot v1, https://goo.gl/fbAQLP

exports[`disclaimer.uog.parser parses a disclaimer correctlys 1`] = `
"{ description:
   'The information published in this Undergraduate Calendar outlines the rules, regulations, curricula, programs and fees for the 2018-2019 academic year, including the Summer Semester 2018, the Fall Semester 2018 and the Winter Semester 2019.\\\\nThe University reserves the right to change without notice any information contained in this calendar, including fees, any rule or regulation pertaining to the standards for admission to, the requirements for the continuation of study in, and the requirements for the granting of degrees or diplomas in any or all of its programs. The publication of information in this calendar does not bind the University to the provision of courses, programs, schedules of studies, or facilities as listed herein.\\\\nThe University will not be liable for any interruption in, or cancellation of, any academic activities as set forth in this calendar and related information where such interruption is caused by fire, strike, lock-out, inability to procure materials or trades, restrictive laws or governmental regulations, actions taken by faculty, staff or students of the University or by others, civil unrest or disobedience, public health emergencies, or any other cause of any kind beyond the reasonable control of the University.\\\\nIn the event of a discrepancy between a print version (downloaded) and the Web version, the Web version will apply,\\\\nPublished by: Enrolment Services',
  title: 'Disclaimer: University of Guelph 2018' }"
`;
