// Jest Snapshot v1, https://goo.gl/fbAQLP

exports[`index.route displays the correct summary 1`] = `"Lightweight and simple GraphQL API for UoG, UW, and WLU."`;
